https://s3-us-west-1.amazonaws.com/coco-ann/coco-test/COCO_test2014_000000575716.jpg
https://s3-us-west-1.amazonaws.com/coco-ann/coco-test/COCO_test2014_000000580359.jpg
https://s3-us-west-1.amazonaws.com/coco-ann/coco-test/COCO_test2014_000000577360.jpg
https://s3-us-west-1.amazonaws.com/coco-ann/coco-test/COCO_test2014_000000575790.jpg
https://s3-us-west-1.amazonaws.com/coco-ann/coco-test/COCO_test2014_000000579135.jpg
https://s3-us-west-1.amazonaws.com/coco-ann/coco-test/COCO_test2014_000000580260.jpg
https://s3-us-west-1.amazonaws.com/coco-ann/coco-test/COCO_test2014_000000577253.jpg
https://s3-us-west-1.amazonaws.com/coco-ann/coco-test/COCO_test2014_000000577316.jpg
https://s3-us-west-1.amazonaws.com/coco-ann/coco-test/COCO_test2014_000000578127.jpg
https://s3-us-west-1.amazonaws.com/coco-ann/coco-test/COCO_test2014_000000580970.jpg
https://s3-us-west-1.amazonaws.com/coco-ann/coco-test/COCO_test2014_000000579256.jpg
https://s3-us-west-1.amazonaws.com/coco-ann/coco-test/COCO_test2014_000000578264.jpg
https://s3-us-west-1.amazonaws.com/coco-ann/coco-test/COCO_test2014_000000579803.jpg
https://s3-us-west-1.amazonaws.com/coco-ann/coco-test/COCO_test2014_000000580869.jpg
https://s3-us-west-1.amazonaws.com/coco-ann/coco-test/COCO_test2014_000000577523.jpg
https://s3-us-west-1.amazonaws.com/coco-ann/coco-test/COCO_test2014_000000579889.jpg
https://s3-us-west-1.amazonaws.com/coco-ann/coco-test/COCO_test2014_000000577714.jpg
https://s3-us-west-1.amazonaws.com/coco-ann/coco-test/COCO_test2014_000000578263.jpg
https://s3-us-west-1.amazonaws.com/coco-ann/coco-test/COCO_test2014_000000577094.jpg
https://s3-us-west-1.amazonaws.com/coco-ann/coco-test/COCO_test2014_000000579175.jpg
https://s3-us-west-1.amazonaws.com/coco-ann/coco-test/COCO_test2014_000000580383.jpg
https://s3-us-west-1.amazonaws.com/coco-ann/coco-test/COCO_test2014_000000577285.jpg
https://s3-us-west-1.amazonaws.com/coco-ann/coco-test/COCO_test2014_000000577680.jpg
https://s3-us-west-1.amazonaws.com/coco-ann/coco-test/COCO_test2014_000000575818.jpg
https://s3-us-west-1.amazonaws.com/coco-ann/coco-test/COCO_test2014_000000581289.jpg
https://s3-us-west-1.amazonaws.com/coco-ann/coco-test/COCO_test2014_000000577391.jpg
https://s3-us-west-1.amazonaws.com/coco-ann/coco-test/COCO_test2014_000000577728.jpg
https://s3-us-west-1.amazonaws.com/coco-ann/coco-test/COCO_test2014_000000576450.jpg
https://s3-us-west-1.amazonaws.com/coco-ann/coco-test/COCO_test2014_000000578313.jpg
https://s3-us-west-1.amazonaws.com/coco-ann/coco-test/COCO_test2014_000000576190.jpg
https://s3-us-west-1.amazonaws.com/coco-ann/coco-test/COCO_test2014_000000581774.jpg
https://s3-us-west-1.amazonaws.com/coco-ann/coco-test/COCO_test2014_000000576637.jpg
https://s3-us-west-1.amazonaws.com/coco-ann/coco-test/COCO_test2014_000000578064.jpg
https://s3-us-west-1.amazonaws.com/coco-ann/coco-test/COCO_test2014_000000578321.jpg
https://s3-us-west-1.amazonaws.com/coco-ann/coco-test/COCO_test2014_000000580317.jpg
https://s3-us-west-1.amazonaws.com/coco-ann/coco-test/COCO_test2014_000000581586.jpg
https://s3-us-west-1.amazonaws.com/coco-ann/coco-test/COCO_test2014_000000580875.jpg
https://s3-us-west-1.amazonaws.com/coco-ann/coco-test/COCO_test2014_000000577935.jpg
https://s3-us-west-1.amazonaws.com/coco-ann/coco-test/COCO_test2014_000000578049.jpg
https://s3-us-west-1.amazonaws.com/coco-ann/coco-test/COCO_test2014_000000581342.jpg
https://s3-us-west-1.amazonaws.com/coco-ann/coco-test/COCO_test2014_000000579266.jpg
https://s3-us-west-1.amazonaws.com/coco-ann/coco-test/COCO_test2014_000000579296.jpg
https://s3-us-west-1.amazonaws.com/coco-ann/coco-test/COCO_test2014_000000577465.jpg
https://s3-us-west-1.amazonaws.com/coco-ann/coco-test/COCO_test2014_000000580188.jpg
https://s3-us-west-1.amazonaws.com/coco-ann/coco-test/COCO_test2014_000000578911.jpg
https://s3-us-west-1.amazonaws.com/coco-ann/coco-test/COCO_test2014_000000578774.jpg
https://s3-us-west-1.amazonaws.com/coco-ann/coco-test/COCO_test2014_000000581763.jpg
https://s3-us-west-1.amazonaws.com/coco-ann/coco-test/COCO_test2014_000000580346.jpg
https://s3-us-west-1.amazonaws.com/coco-ann/coco-test/COCO_test2014_000000576282.jpg
https://s3-us-west-1.amazonaws.com/coco-ann/coco-test/COCO_test2014_000000581573.jpg
https://s3-us-west-1.amazonaws.com/coco-ann/coco-test/COCO_test2014_000000576922.jpg
https://s3-us-west-1.amazonaws.com/coco-ann/coco-test/COCO_test2014_000000580131.jpg
https://s3-us-west-1.amazonaws.com/coco-ann/coco-test/COCO_test2014_000000580272.jpg
https://s3-us-west-1.amazonaws.com/coco-ann/coco-test/COCO_test2014_000000576112.jpg
https://s3-us-west-1.amazonaws.com/coco-ann/coco-test/COCO_test2014_000000581264.jpg
https://s3-us-west-1.amazonaws.com/coco-ann/coco-test/COCO_test2014_000000581048.jpg
https://s3-us-west-1.amazonaws.com/coco-ann/coco-test/COCO_test2014_000000581691.jpg
https://s3-us-west-1.amazonaws.com/coco-ann/coco-test/COCO_test2014_000000578834.jpg
https://s3-us-west-1.amazonaws.com/coco-ann/coco-test/COCO_test2014_000000575892.jpg
https://s3-us-west-1.amazonaws.com/coco-ann/coco-test/COCO_test2014_000000581315.jpg
https://s3-us-west-1.amazonaws.com/coco-ann/coco-test/COCO_test2014_000000575888.jpg
https://s3-us-west-1.amazonaws.com/coco-ann/coco-test/COCO_test2014_000000578342.jpg
https://s3-us-west-1.amazonaws.com/coco-ann/coco-test/COCO_test2014_000000578815.jpg
https://s3-us-west-1.amazonaws.com/coco-ann/coco-test/COCO_test2014_000000581408.jpg
https://s3-us-west-1.amazonaws.com/coco-ann/coco-test/COCO_test2014_000000579128.jpg
https://s3-us-west-1.amazonaws.com/coco-ann/coco-test/COCO_test2014_000000576406.jpg
https://s3-us-west-1.amazonaws.com/coco-ann/coco-test/COCO_test2014_000000578085.jpg
https://s3-us-west-1.amazonaws.com/coco-ann/coco-test/COCO_test2014_000000575674.jpg
https://s3-us-west-1.amazonaws.com/coco-ann/coco-test/COCO_test2014_000000578083.jpg
https://s3-us-west-1.amazonaws.com/coco-ann/coco-test/COCO_test2014_000000576146.jpg
https://s3-us-west-1.amazonaws.com/coco-ann/coco-test/COCO_test2014_000000580838.jpg
https://s3-us-west-1.amazonaws.com/coco-ann/coco-test/COCO_test2014_000000581849.jpg
https://s3-us-west-1.amazonaws.com/coco-ann/coco-test/COCO_test2014_000000576043.jpg
https://s3-us-west-1.amazonaws.com/coco-ann/coco-test/COCO_test2014_000000576982.jpg
https://s3-us-west-1.amazonaws.com/coco-ann/coco-test/COCO_test2014_000000576699.jpg
https://s3-us-west-1.amazonaws.com/coco-ann/coco-test/COCO_test2014_000000580743.jpg
https://s3-us-west-1.amazonaws.com/coco-ann/coco-test/COCO_test2014_000000579914.jpg
https://s3-us-west-1.amazonaws.com/coco-ann/coco-test/COCO_test2014_000000579046.jpg
https://s3-us-west-1.amazonaws.com/coco-ann/coco-test/COCO_test2014_000000580473.jpg
https://s3-us-west-1.amazonaws.com/coco-ann/coco-test/COCO_test2014_000000579238.jpg
https://s3-us-west-1.amazonaws.com/coco-ann/coco-test/COCO_test2014_000000577555.jpg
https://s3-us-west-1.amazonaws.com/coco-ann/coco-test/COCO_test2014_000000581295.jpg
https://s3-us-west-1.amazonaws.com/coco-ann/coco-test/COCO_test2014_000000578754.jpg
https://s3-us-west-1.amazonaws.com/coco-ann/coco-test/COCO_test2014_000000580496.jpg
https://s3-us-west-1.amazonaws.com/coco-ann/coco-test/COCO_test2014_000000580273.jpg
https://s3-us-west-1.amazonaws.com/coco-ann/coco-test/COCO_test2014_000000578258.jpg
https://s3-us-west-1.amazonaws.com/coco-ann/coco-test/COCO_test2014_000000577791.jpg
https://s3-us-west-1.amazonaws.com/coco-ann/coco-test/COCO_test2014_000000575650.jpg
https://s3-us-west-1.amazonaws.com/coco-ann/coco-test/COCO_test2014_000000576769.jpg
https://s3-us-west-1.amazonaws.com/coco-ann/coco-test/COCO_test2014_000000577839.jpg
https://s3-us-west-1.amazonaws.com/coco-ann/coco-test/COCO_test2014_000000576959.jpg
https://s3-us-west-1.amazonaws.com/coco-ann/coco-test/COCO_test2014_000000578300.jpg
https://s3-us-west-1.amazonaws.com/coco-ann/coco-test/COCO_test2014_000000577492.jpg
https://s3-us-west-1.amazonaws.com/coco-ann/coco-test/COCO_test2014_000000576948.jpg
https://s3-us-west-1.amazonaws.com/coco-ann/coco-test/COCO_test2014_000000579328.jpg
https://s3-us-west-1.amazonaws.com/coco-ann/coco-test/COCO_test2014_000000581538.jpg
https://s3-us-west-1.amazonaws.com/coco-ann/coco-test/COCO_test2014_000000577515.jpg
https://s3-us-west-1.amazonaws.com/coco-ann/coco-test/COCO_test2014_000000581911.jpg
https://s3-us-west-1.amazonaws.com/coco-ann/coco-test/COCO_test2014_000000576606.jpg
https://s3-us-west-1.amazonaws.com/coco-ann/coco-test/COCO_test2014_000000576115.jpg
https://s3-us-west-1.amazonaws.com/coco-ann/coco-test/COCO_test2014_000000577754.jpg
https://s3-us-west-1.amazonaws.com/coco-ann/coco-test/COCO_test2014_000000580716.jpg
https://s3-us-west-1.amazonaws.com/coco-ann/coco-test/COCO_test2014_000000575855.jpg
https://s3-us-west-1.amazonaws.com/coco-ann/coco-test/COCO_test2014_000000578395.jpg
https://s3-us-west-1.amazonaws.com/coco-ann/coco-test/COCO_test2014_000000576330.jpg
https://s3-us-west-1.amazonaws.com/coco-ann/coco-test/COCO_test2014_000000580728.jpg
https://s3-us-west-1.amazonaws.com/coco-ann/coco-test/COCO_test2014_000000581577.jpg
https://s3-us-west-1.amazonaws.com/coco-ann/coco-test/COCO_test2014_000000580583.jpg
https://s3-us-west-1.amazonaws.com/coco-ann/coco-test/COCO_test2014_000000578554.jpg
https://s3-us-west-1.amazonaws.com/coco-ann/coco-test/COCO_test2014_000000575640.jpg
https://s3-us-west-1.amazonaws.com/coco-ann/coco-test/COCO_test2014_000000576619.jpg
https://s3-us-west-1.amazonaws.com/coco-ann/coco-test/COCO_test2014_000000580176.jpg
https://s3-us-west-1.amazonaws.com/coco-ann/coco-test/COCO_test2014_000000579033.jpg
https://s3-us-west-1.amazonaws.com/coco-ann/coco-test/COCO_test2014_000000579763.jpg
https://s3-us-west-1.amazonaws.com/coco-ann/coco-test/COCO_test2014_000000580610.jpg
https://s3-us-west-1.amazonaws.com/coco-ann/coco-test/COCO_test2014_000000579228.jpg
https://s3-us-west-1.amazonaws.com/coco-ann/coco-test/COCO_test2014_000000580533.jpg
https://s3-us-west-1.amazonaws.com/coco-ann/coco-test/COCO_test2014_000000581847.jpg
https://s3-us-west-1.amazonaws.com/coco-ann/coco-test/COCO_test2014_000000578028.jpg
https://s3-us-west-1.amazonaws.com/coco-ann/coco-test/COCO_test2014_000000578052.jpg
https://s3-us-west-1.amazonaws.com/coco-ann/coco-test/COCO_test2014_000000580940.jpg
https://s3-us-west-1.amazonaws.com/coco-ann/coco-test/COCO_test2014_000000579928.jpg
https://s3-us-west-1.amazonaws.com/coco-ann/coco-test/COCO_test2014_000000578559.jpg
https://s3-us-west-1.amazonaws.com/coco-ann/coco-test/COCO_test2014_000000576504.jpg
https://s3-us-west-1.amazonaws.com/coco-ann/coco-test/COCO_test2014_000000579250.jpg
https://s3-us-west-1.amazonaws.com/coco-ann/coco-test/COCO_test2014_000000579808.jpg
https://s3-us-west-1.amazonaws.com/coco-ann/coco-test/COCO_test2014_000000578916.jpg
https://s3-us-west-1.amazonaws.com/coco-ann/coco-test/COCO_test2014_000000578583.jpg
https://s3-us-west-1.amazonaws.com/coco-ann/coco-test/COCO_test2014_000000577427.jpg
https://s3-us-west-1.amazonaws.com/coco-ann/coco-test/COCO_test2014_000000578914.jpg
https://s3-us-west-1.amazonaws.com/coco-ann/coco-test/COCO_test2014_000000579766.jpg
https://s3-us-west-1.amazonaws.com/coco-ann/coco-test/COCO_test2014_000000576852.jpg
https://s3-us-west-1.amazonaws.com/coco-ann/coco-test/COCO_test2014_000000575736.jpg
https://s3-us-west-1.amazonaws.com/coco-ann/coco-test/COCO_test2014_000000577987.jpg
https://s3-us-west-1.amazonaws.com/coco-ann/coco-test/COCO_test2014_000000579823.jpg
https://s3-us-west-1.amazonaws.com/coco-ann/coco-test/COCO_test2014_000000578844.jpg
https://s3-us-west-1.amazonaws.com/coco-ann/coco-test/COCO_test2014_000000580365.jpg
https://s3-us-west-1.amazonaws.com/coco-ann/coco-test/COCO_test2014_000000579013.jpg
https://s3-us-west-1.amazonaws.com/coco-ann/coco-test/COCO_test2014_000000580380.jpg
https://s3-us-west-1.amazonaws.com/coco-ann/coco-test/COCO_test2014_000000577824.jpg
https://s3-us-west-1.amazonaws.com/coco-ann/coco-test/COCO_test2014_000000575891.jpg
https://s3-us-west-1.amazonaws.com/coco-ann/coco-test/COCO_test2014_000000576140.jpg
https://s3-us-west-1.amazonaws.com/coco-ann/coco-test/COCO_test2014_000000581644.jpg
https://s3-us-west-1.amazonaws.com/coco-ann/coco-test/COCO_test2014_000000580611.jpg
https://s3-us-west-1.amazonaws.com/coco-ann/coco-test/COCO_test2014_000000581862.jpg
https://s3-us-west-1.amazonaws.com/coco-ann/coco-test/COCO_test2014_000000579852.jpg
https://s3-us-west-1.amazonaws.com/coco-ann/coco-test/COCO_test2014_000000576681.jpg
https://s3-us-west-1.amazonaws.com/coco-ann/coco-test/COCO_test2014_000000578568.jpg
https://s3-us-west-1.amazonaws.com/coco-ann/coco-test/COCO_test2014_000000581272.jpg
https://s3-us-west-1.amazonaws.com/coco-ann/coco-test/COCO_test2014_000000580535.jpg
https://s3-us-west-1.amazonaws.com/coco-ann/coco-test/COCO_test2014_000000575770.jpg
https://s3-us-west-1.amazonaws.com/coco-ann/coco-test/COCO_test2014_000000577388.jpg
https://s3-us-west-1.amazonaws.com/coco-ann/coco-test/COCO_test2014_000000581690.jpg
https://s3-us-west-1.amazonaws.com/coco-ann/coco-test/COCO_test2014_000000580635.jpg
https://s3-us-west-1.amazonaws.com/coco-ann/coco-test/COCO_test2014_000000580703.jpg
https://s3-us-west-1.amazonaws.com/coco-ann/coco-test/COCO_test2014_000000578129.jpg
https://s3-us-west-1.amazonaws.com/coco-ann/coco-test/COCO_test2014_000000581525.jpg
https://s3-us-west-1.amazonaws.com/coco-ann/coco-test/COCO_test2014_000000578141.jpg
https://s3-us-west-1.amazonaws.com/coco-ann/coco-test/COCO_test2014_000000577441.jpg
https://s3-us-west-1.amazonaws.com/coco-ann/coco-test/COCO_test2014_000000576848.jpg
https://s3-us-west-1.amazonaws.com/coco-ann/coco-test/COCO_test2014_000000575613.jpg
https://s3-us-west-1.amazonaws.com/coco-ann/coco-test/COCO_test2014_000000579676.jpg
https://s3-us-west-1.amazonaws.com/coco-ann/coco-test/COCO_test2014_000000577424.jpg
https://s3-us-west-1.amazonaws.com/coco-ann/coco-test/COCO_test2014_000000581706.jpg
https://s3-us-west-1.amazonaws.com/coco-ann/coco-test/COCO_test2014_000000581410.jpg
https://s3-us-west-1.amazonaws.com/coco-ann/coco-test/COCO_test2014_000000580524.jpg
https://s3-us-west-1.amazonaws.com/coco-ann/coco-test/COCO_test2014_000000579126.jpg
https://s3-us-west-1.amazonaws.com/coco-ann/coco-test/COCO_test2014_000000581581.jpg
https://s3-us-west-1.amazonaws.com/coco-ann/coco-test/COCO_test2014_000000576244.jpg
https://s3-us-west-1.amazonaws.com/coco-ann/coco-test/COCO_test2014_000000580548.jpg
https://s3-us-west-1.amazonaws.com/coco-ann/coco-test/COCO_test2014_000000577445.jpg
https://s3-us-west-1.amazonaws.com/coco-ann/coco-test/COCO_test2014_000000581897.jpg
https://s3-us-west-1.amazonaws.com/coco-ann/coco-test/COCO_test2014_000000576522.jpg
https://s3-us-west-1.amazonaws.com/coco-ann/coco-test/COCO_test2014_000000579143.jpg
https://s3-us-west-1.amazonaws.com/coco-ann/coco-test/COCO_test2014_000000581405.jpg
https://s3-us-west-1.amazonaws.com/coco-ann/coco-test/COCO_test2014_000000577905.jpg
https://s3-us-west-1.amazonaws.com/coco-ann/coco-test/COCO_test2014_000000581255.jpg
https://s3-us-west-1.amazonaws.com/coco-ann/coco-test/COCO_test2014_000000581192.jpg
https://s3-us-west-1.amazonaws.com/coco-ann/coco-test/COCO_test2014_000000577474.jpg
https://s3-us-west-1.amazonaws.com/coco-ann/coco-test/COCO_test2014_000000576954.jpg
https://s3-us-west-1.amazonaws.com/coco-ann/coco-test/COCO_test2014_000000577622.jpg
https://s3-us-west-1.amazonaws.com/coco-ann/coco-test/COCO_test2014_000000580812.jpg
https://s3-us-west-1.amazonaws.com/coco-ann/coco-test/COCO_test2014_000000579105.jpg
https://s3-us-west-1.amazonaws.com/coco-ann/coco-test/COCO_test2014_000000577105.jpg
https://s3-us-west-1.amazonaws.com/coco-ann/coco-test/COCO_test2014_000000576906.jpg
https://s3-us-west-1.amazonaws.com/coco-ann/coco-test/COCO_test2014_000000576753.jpg
https://s3-us-west-1.amazonaws.com/coco-ann/coco-test/COCO_test2014_000000578166.jpg
https://s3-us-west-1.amazonaws.com/coco-ann/coco-test/COCO_test2014_000000579262.jpg
https://s3-us-west-1.amazonaws.com/coco-ann/coco-test/COCO_test2014_000000581126.jpg
https://s3-us-west-1.amazonaws.com/coco-ann/coco-test/COCO_test2014_000000577915.jpg
https://s3-us-west-1.amazonaws.com/coco-ann/coco-test/COCO_test2014_000000576265.jpg
https://s3-us-west-1.amazonaws.com/coco-ann/coco-test/COCO_test2014_000000577026.jpg
https://s3-us-west-1.amazonaws.com/coco-ann/coco-test/COCO_test2014_000000581472.jpg
https://s3-us-west-1.amazonaws.com/coco-ann/coco-test/COCO_test2014_000000577352.jpg
https://s3-us-west-1.amazonaws.com/coco-ann/coco-test/COCO_test2014_000000578750.jpg
https://s3-us-west-1.amazonaws.com/coco-ann/coco-test/COCO_test2014_000000581020.jpg
https://s3-us-west-1.amazonaws.com/coco-ann/coco-test/COCO_test2014_000000575959.jpg
https://s3-us-west-1.amazonaws.com/coco-ann/coco-test/COCO_test2014_000000581687.jpg
https://s3-us-west-1.amazonaws.com/coco-ann/coco-test/COCO_test2014_000000576917.jpg
https://s3-us-west-1.amazonaws.com/coco-ann/coco-test/COCO_test2014_000000580590.jpg
https://s3-us-west-1.amazonaws.com/coco-ann/coco-test/COCO_test2014_000000578607.jpg
https://s3-us-west-1.amazonaws.com/coco-ann/coco-test/COCO_test2014_000000580395.jpg
https://s3-us-west-1.amazonaws.com/coco-ann/coco-test/COCO_test2014_000000576965.jpg
https://s3-us-west-1.amazonaws.com/coco-ann/coco-test/COCO_test2014_000000579836.jpg
https://s3-us-west-1.amazonaws.com/coco-ann/coco-test/COCO_test2014_000000577765.jpg
https://s3-us-west-1.amazonaws.com/coco-ann/coco-test/COCO_test2014_000000579058.jpg
https://s3-us-west-1.amazonaws.com/coco-ann/coco-test/COCO_test2014_000000576164.jpg
https://s3-us-west-1.amazonaws.com/coco-ann/coco-test/COCO_test2014_000000580877.jpg
https://s3-us-west-1.amazonaws.com/coco-ann/coco-test/COCO_test2014_000000581771.jpg
https://s3-us-west-1.amazonaws.com/coco-ann/coco-test/COCO_test2014_000000579203.jpg
https://s3-us-west-1.amazonaws.com/coco-ann/coco-test/COCO_test2014_000000576644.jpg
https://s3-us-west-1.amazonaws.com/coco-ann/coco-test/COCO_test2014_000000579285.jpg
https://s3-us-west-1.amazonaws.com/coco-ann/coco-test/COCO_test2014_000000580287.jpg
https://s3-us-west-1.amazonaws.com/coco-ann/coco-test/COCO_test2014_000000577549.jpg
https://s3-us-west-1.amazonaws.com/coco-ann/coco-test/COCO_test2014_000000580239.jpg
https://s3-us-west-1.amazonaws.com/coco-ann/coco-test/COCO_test2014_000000576196.jpg
https://s3-us-west-1.amazonaws.com/coco-ann/coco-test/COCO_test2014_000000580770.jpg
https://s3-us-west-1.amazonaws.com/coco-ann/coco-test/COCO_test2014_000000580630.jpg
https://s3-us-west-1.amazonaws.com/coco-ann/coco-test/COCO_test2014_000000576372.jpg
https://s3-us-west-1.amazonaws.com/coco-ann/coco-test/COCO_test2014_000000576536.jpg
https://s3-us-west-1.amazonaws.com/coco-ann/coco-test/COCO_test2014_000000580984.jpg
https://s3-us-west-1.amazonaws.com/coco-ann/coco-test/COCO_test2014_000000577203.jpg
https://s3-us-west-1.amazonaws.com/coco-ann/coco-test/COCO_test2014_000000577998.jpg
https://s3-us-west-1.amazonaws.com/coco-ann/coco-test/COCO_test2014_000000577335.jpg
https://s3-us-west-1.amazonaws.com/coco-ann/coco-test/COCO_test2014_000000579216.jpg
https://s3-us-west-1.amazonaws.com/coco-ann/coco-test/COCO_test2014_000000581417.jpg
https://s3-us-west-1.amazonaws.com/coco-ann/coco-test/COCO_test2014_000000579720.jpg
https://s3-us-west-1.amazonaws.com/coco-ann/coco-test/COCO_test2014_000000578438.jpg
https://s3-us-west-1.amazonaws.com/coco-ann/coco-test/COCO_test2014_000000581012.jpg
https://s3-us-west-1.amazonaws.com/coco-ann/coco-test/COCO_test2014_000000581864.jpg
https://s3-us-west-1.amazonaws.com/coco-ann/coco-test/COCO_test2014_000000581460.jpg
https://s3-us-west-1.amazonaws.com/coco-ann/coco-test/COCO_test2014_000000578685.jpg
https://s3-us-west-1.amazonaws.com/coco-ann/coco-test/COCO_test2014_000000579423.jpg
https://s3-us-west-1.amazonaws.com/coco-ann/coco-test/COCO_test2014_000000577472.jpg
https://s3-us-west-1.amazonaws.com/coco-ann/coco-test/COCO_test2014_000000578224.jpg
https://s3-us-west-1.amazonaws.com/coco-ann/coco-test/COCO_test2014_000000581833.jpg
https://s3-us-west-1.amazonaws.com/coco-ann/coco-test/COCO_test2014_000000581620.jpg
https://s3-us-west-1.amazonaws.com/coco-ann/coco-test/COCO_test2014_000000576969.jpg
https://s3-us-west-1.amazonaws.com/coco-ann/coco-test/COCO_test2014_000000578415.jpg
https://s3-us-west-1.amazonaws.com/coco-ann/coco-test/COCO_test2014_000000576230.jpg
https://s3-us-west-1.amazonaws.com/coco-ann/coco-test/COCO_test2014_000000577706.jpg
https://s3-us-west-1.amazonaws.com/coco-ann/coco-test/COCO_test2014_000000577634.jpg
https://s3-us-west-1.amazonaws.com/coco-ann/coco-test/COCO_test2014_000000579894.jpg
https://s3-us-west-1.amazonaws.com/coco-ann/coco-test/COCO_test2014_000000576897.jpg
https://s3-us-west-1.amazonaws.com/coco-ann/coco-test/COCO_test2014_000000580323.jpg
https://s3-us-west-1.amazonaws.com/coco-ann/coco-test/COCO_test2014_000000578443.jpg
https://s3-us-west-1.amazonaws.com/coco-ann/coco-test/COCO_test2014_000000578938.jpg
https://s3-us-west-1.amazonaws.com/coco-ann/coco-test/COCO_test2014_000000578564.jpg
https://s3-us-west-1.amazonaws.com/coco-ann/coco-val/COCO_val2014_000000581332.jpg
https://s3-us-west-1.amazonaws.com/coco-ann/coco-val/COCO_val2014_000000579070.jpg
https://s3-us-west-1.amazonaws.com/coco-ann/coco-val/COCO_val2014_000000578871.jpg
https://s3-us-west-1.amazonaws.com/coco-ann/coco-val/COCO_val2014_000000580555.jpg
https://s3-us-west-1.amazonaws.com/coco-ann/coco-val/COCO_val2014_000000581593.jpg
https://s3-us-west-1.amazonaws.com/coco-ann/coco-val/COCO_val2014_000000579240.jpg
https://s3-us-west-1.amazonaws.com/coco-ann/coco-val/COCO_val2014_000000581560.jpg
https://s3-us-west-1.amazonaws.com/coco-ann/coco-val/COCO_val2014_000000579438.jpg
https://s3-us-west-1.amazonaws.com/coco-ann/coco-val/COCO_val2014_000000580284.jpg
https://s3-us-west-1.amazonaws.com/coco-ann/coco-val/COCO_val2014_000000580608.jpg
https://s3-us-west-1.amazonaws.com/coco-ann/coco-val/COCO_val2014_000000580766.jpg
https://s3-us-west-1.amazonaws.com/coco-ann/coco-val/COCO_val2014_000000581632.jpg
https://s3-us-west-1.amazonaws.com/coco-ann/coco-val/COCO_val2014_000000581482.jpg
https://s3-us-west-1.amazonaws.com/coco-ann/coco-val/COCO_val2014_000000579453.jpg
https://s3-us-west-1.amazonaws.com/coco-ann/coco-val/COCO_val2014_000000581437.jpg
https://s3-us-west-1.amazonaws.com/coco-ann/coco-val/COCO_val2014_000000579034.jpg
https://s3-us-west-1.amazonaws.com/coco-ann/coco-val/COCO_val2014_000000579655.jpg
https://s3-us-west-1.amazonaws.com/coco-ann/coco-val/COCO_val2014_000000581542.jpg
https://s3-us-west-1.amazonaws.com/coco-ann/coco-val/COCO_val2014_000000581317.jpg
https://s3-us-west-1.amazonaws.com/coco-ann/coco-val/COCO_val2014_000000578878.jpg
https://s3-us-west-1.amazonaws.com/coco-ann/coco-val/COCO_val2014_000000579666.jpg
https://s3-us-west-1.amazonaws.com/coco-ann/coco-val/COCO_val2014_000000579648.jpg
https://s3-us-west-1.amazonaws.com/coco-ann/coco-val/COCO_val2014_000000578861.jpg
https://s3-us-west-1.amazonaws.com/coco-ann/coco-val/COCO_val2014_000000580778.jpg
https://s3-us-west-1.amazonaws.com/coco-ann/coco-val/COCO_val2014_000000580791.jpg
https://s3-us-west-1.amazonaws.com/coco-ann/coco-val/COCO_val2014_000000579337.jpg
https://s3-us-west-1.amazonaws.com/coco-ann/coco-val/COCO_val2014_000000578836.jpg
https://s3-us-west-1.amazonaws.com/coco-ann/coco-val/COCO_val2014_000000579060.jpg
https://s3-us-west-1.amazonaws.com/coco-ann/coco-val/COCO_val2014_000000579056.jpg
https://s3-us-west-1.amazonaws.com/coco-ann/coco-val/COCO_val2014_000000580908.jpg
https://s3-us-west-1.amazonaws.com/coco-ann/coco-val/COCO_val2014_000000579307.jpg
https://s3-us-west-1.amazonaws.com/coco-ann/coco-val/COCO_val2014_000000580720.jpg
https://s3-us-west-1.amazonaws.com/coco-ann/coco-val/COCO_val2014_000000581022.jpg
https://s3-us-west-1.amazonaws.com/coco-ann/coco-val/COCO_val2014_000000580410.jpg
https://s3-us-west-1.amazonaws.com/coco-ann/coco-val/COCO_val2014_000000581415.jpg
https://s3-us-west-1.amazonaws.com/coco-ann/coco-val/COCO_val2014_000000581450.jpg
https://s3-us-west-1.amazonaws.com/coco-ann/coco-val/COCO_val2014_000000581338.jpg
https://s3-us-west-1.amazonaws.com/coco-ann/coco-val/COCO_val2014_000000580542.jpg
https://s3-us-west-1.amazonaws.com/coco-ann/coco-val/COCO_val2014_000000581827.jpg
https://s3-us-west-1.amazonaws.com/coco-ann/coco-val/COCO_val2014_000000579073.jpg
https://s3-us-west-1.amazonaws.com/coco-ann/coco-val/COCO_val2014_000000580847.jpg
https://s3-us-west-1.amazonaws.com/coco-ann/coco-val/COCO_val2014_000000580986.jpg
https://s3-us-west-1.amazonaws.com/coco-ann/coco-val/COCO_val2014_000000581655.jpg
https://s3-us-west-1.amazonaws.com/coco-ann/coco-val/COCO_val2014_000000580363.jpg
https://s3-us-west-1.amazonaws.com/coco-ann/coco-val/COCO_val2014_000000581557.jpg
https://s3-us-west-1.amazonaws.com/coco-ann/coco-val/COCO_val2014_000000579635.jpg
https://s3-us-west-1.amazonaws.com/coco-ann/coco-val/COCO_val2014_000000581831.jpg
https://s3-us-west-1.amazonaws.com/coco-ann/coco-val/COCO_val2014_000000578993.jpg
https://s3-us-west-1.amazonaws.com/coco-ann/coco-val/COCO_val2014_000000581683.jpg
https://s3-us-west-1.amazonaws.com/coco-ann/coco-val/COCO_val2014_000000581913.jpg
https://s3-us-west-1.amazonaws.com/coco-ann/coco-val/COCO_val2014_000000581010.jpg
https://s3-us-west-1.amazonaws.com/coco-ann/coco-val/COCO_val2014_000000581205.jpg
https://s3-us-west-1.amazonaws.com/coco-ann/coco-val/COCO_val2014_000000579303.jpg
https://s3-us-west-1.amazonaws.com/coco-ann/coco-val/COCO_val2014_000000580117.jpg
https://s3-us-west-1.amazonaws.com/coco-ann/coco-val/COCO_val2014_000000579405.jpg
https://s3-us-west-1.amazonaws.com/coco-ann/coco-val/COCO_val2014_000000581451.jpg
https://s3-us-west-1.amazonaws.com/coco-ann/coco-val/COCO_val2014_000000581206.jpg
https://s3-us-west-1.amazonaws.com/coco-ann/coco-val/COCO_val2014_000000579294.jpg
https://s3-us-west-1.amazonaws.com/coco-ann/coco-val/COCO_val2014_000000581062.jpg
https://s3-us-west-1.amazonaws.com/coco-ann/coco-val/COCO_val2014_000000578849.jpg
https://s3-us-west-1.amazonaws.com/coco-ann/coco-val/COCO_val2014_000000579326.jpg
https://s3-us-west-1.amazonaws.com/coco-ann/coco-val/COCO_val2014_000000580983.jpg
https://s3-us-west-1.amazonaws.com/coco-ann/coco-val/COCO_val2014_000000581749.jpg
https://s3-us-west-1.amazonaws.com/coco-ann/coco-val/COCO_val2014_000000580591.jpg
https://s3-us-west-1.amazonaws.com/coco-ann/coco-val/COCO_val2014_000000580972.jpg
https://s3-us-west-1.amazonaws.com/coco-ann/coco-val/COCO_val2014_000000581569.jpg
https://s3-us-west-1.amazonaws.com/coco-ann/coco-val/COCO_val2014_000000579201.jpg
https://s3-us-west-1.amazonaws.com/coco-ann/coco-val/COCO_val2014_000000580835.jpg
https://s3-us-west-1.amazonaws.com/coco-ann/coco-val/COCO_val2014_000000579900.jpg
https://s3-us-west-1.amazonaws.com/coco-ann/coco-val/COCO_val2014_000000579081.jpg
https://s3-us-west-1.amazonaws.com/coco-ann/coco-val/COCO_val2014_000000581496.jpg
https://s3-us-west-1.amazonaws.com/coco-ann/coco-val/COCO_val2014_000000579091.jpg
https://s3-us-west-1.amazonaws.com/coco-ann/coco-val/COCO_val2014_000000579925.jpg
https://s3-us-west-1.amazonaws.com/coco-ann/coco-val/COCO_val2014_000000579697.jpg
https://s3-us-west-1.amazonaws.com/coco-ann/coco-val/COCO_val2014_000000578922.jpg
https://s3-us-west-1.amazonaws.com/coco-ann/coco-val/COCO_val2014_000000581781.jpg
https://s3-us-west-1.amazonaws.com/coco-ann/coco-val/COCO_val2014_000000581328.jpg
https://s3-us-west-1.amazonaws.com/coco-ann/coco-val/COCO_val2014_000000579759.jpg
https://s3-us-west-1.amazonaws.com/coco-ann/coco-val/COCO_val2014_000000579872.jpg
https://s3-us-west-1.amazonaws.com/coco-ann/coco-val/COCO_val2014_000000581929.jpg
https://s3-us-west-1.amazonaws.com/coco-ann/coco-val/COCO_val2014_000000579457.jpg
https://s3-us-west-1.amazonaws.com/coco-ann/coco-val/COCO_val2014_000000581253.jpg
https://s3-us-west-1.amazonaws.com/coco-ann/coco-val/COCO_val2014_000000579402.jpg
https://s3-us-west-1.amazonaws.com/coco-ann/coco-val/COCO_val2014_000000579561.jpg
https://s3-us-west-1.amazonaws.com/coco-ann/coco-val/COCO_val2014_000000581087.jpg
https://s3-us-west-1.amazonaws.com/coco-ann/coco-val/COCO_val2014_000000580698.jpg
https://s3-us-west-1.amazonaws.com/coco-ann/coco-val/COCO_val2014_000000579760.jpg
https://s3-us-west-1.amazonaws.com/coco-ann/coco-val/COCO_val2014_000000579822.jpg
https://s3-us-west-1.amazonaws.com/coco-ann/coco-val/COCO_val2014_000000580390.jpg
https://s3-us-west-1.amazonaws.com/coco-ann/coco-val/COCO_val2014_000000579815.jpg
https://s3-us-west-1.amazonaws.com/coco-ann/coco-val/COCO_val2014_000000581183.jpg
https://s3-us-west-1.amazonaws.com/coco-ann/coco-val/COCO_val2014_000000579911.jpg
https://s3-us-west-1.amazonaws.com/coco-ann/coco-val/COCO_val2014_000000579462.jpg
https://s3-us-west-1.amazonaws.com/coco-ann/coco-val/COCO_val2014_000000579918.jpg
https://s3-us-west-1.amazonaws.com/coco-ann/coco-val/COCO_val2014_000000581081.jpg
https://s3-us-west-1.amazonaws.com/coco-ann/coco-val/COCO_val2014_000000581726.jpg
https://s3-us-west-1.amazonaws.com/coco-ann/coco-val/COCO_val2014_000000580796.jpg
https://s3-us-west-1.amazonaws.com/coco-ann/coco-val/COCO_val2014_000000578984.jpg
https://s3-us-west-1.amazonaws.com/coco-ann/coco-val/COCO_val2014_000000580197.jpg
https://s3-us-west-1.amazonaws.com/coco-ann/coco-val/COCO_val2014_000000579415.jpg
https://s3-us-west-1.amazonaws.com/coco-ann/coco-val/COCO_val2014_000000581040.jpg
https://s3-us-west-1.amazonaws.com/coco-ann/coco-val/COCO_val2014_000000580951.jpg
https://s3-us-west-1.amazonaws.com/coco-ann/coco-val/COCO_val2014_000000580621.jpg
https://s3-us-west-1.amazonaws.com/coco-ann/coco-val/COCO_val2014_000000579673.jpg
https://s3-us-west-1.amazonaws.com/coco-ann/coco-val/COCO_val2014_000000580607.jpg
https://s3-us-west-1.amazonaws.com/coco-ann/coco-val/COCO_val2014_000000581033.jpg
https://s3-us-west-1.amazonaws.com/coco-ann/coco-val/COCO_val2014_000000580711.jpg
https://s3-us-west-1.amazonaws.com/coco-ann/coco-val/COCO_val2014_000000581717.jpg
https://s3-us-west-1.amazonaws.com/coco-ann/coco-val/COCO_val2014_000000580418.jpg
https://s3-us-west-1.amazonaws.com/coco-ann/coco-val/COCO_val2014_000000581356.jpg
https://s3-us-west-1.amazonaws.com/coco-ann/coco-val/COCO_val2014_000000581899.jpg
https://s3-us-west-1.amazonaws.com/coco-ann/coco-val/COCO_val2014_000000578977.jpg
https://s3-us-west-1.amazonaws.com/coco-ann/coco-val/COCO_val2014_000000578852.jpg
https://s3-us-west-1.amazonaws.com/coco-ann/coco-val/COCO_val2014_000000581887.jpg
https://s3-us-west-1.amazonaws.com/coco-ann/coco-val/COCO_val2014_000000580931.jpg
https://s3-us-west-1.amazonaws.com/coco-ann/coco-val/COCO_val2014_000000579982.jpg
https://s3-us-west-1.amazonaws.com/coco-ann/coco-val/COCO_val2014_000000581702.jpg
https://s3-us-west-1.amazonaws.com/coco-ann/coco-val/COCO_val2014_000000579818.jpg
https://s3-us-west-1.amazonaws.com/coco-ann/coco-val/COCO_val2014_000000578967.jpg
https://s3-us-west-1.amazonaws.com/coco-ann/coco-val/COCO_val2014_000000581458.jpg
https://s3-us-west-1.amazonaws.com/coco-ann/coco-val/COCO_val2014_000000579247.jpg
https://s3-us-west-1.amazonaws.com/coco-ann/coco-val/COCO_val2014_000000580856.jpg
https://s3-us-west-1.amazonaws.com/coco-ann/coco-val/COCO_val2014_000000580084.jpg
https://s3-us-west-1.amazonaws.com/coco-ann/coco-val/COCO_val2014_000000581100.jpg
https://s3-us-west-1.amazonaws.com/coco-ann/coco-val/COCO_val2014_000000579893.jpg
https://s3-us-west-1.amazonaws.com/coco-ann/coco-val/COCO_val2014_000000580757.jpg
https://s3-us-west-1.amazonaws.com/coco-ann/coco-val/COCO_val2014_000000580693.jpg
https://s3-us-west-1.amazonaws.com/coco-ann/coco-val/COCO_val2014_000000581262.jpg
https://s3-us-west-1.amazonaws.com/coco-ann/coco-val/COCO_val2014_000000579471.jpg
https://s3-us-west-1.amazonaws.com/coco-ann/coco-val/COCO_val2014_000000579036.jpg
https://s3-us-west-1.amazonaws.com/coco-ann/coco-val/COCO_val2014_000000579885.jpg
https://s3-us-west-1.amazonaws.com/coco-ann/coco-val/COCO_val2014_000000579362.jpg
https://s3-us-west-1.amazonaws.com/coco-ann/coco-val/COCO_val2014_000000579560.jpg
https://s3-us-west-1.amazonaws.com/coco-ann/coco-val/COCO_val2014_000000579859.jpg
https://s3-us-west-1.amazonaws.com/coco-ann/coco-val/COCO_val2014_000000580029.jpg
https://s3-us-west-1.amazonaws.com/coco-ann/coco-val/COCO_val2014_000000581422.jpg
https://s3-us-west-1.amazonaws.com/coco-ann/coco-val/COCO_val2014_000000579484.jpg
https://s3-us-west-1.amazonaws.com/coco-ann/coco-val/COCO_val2014_000000580746.jpg
https://s3-us-west-1.amazonaws.com/coco-ann/coco-val/COCO_val2014_000000581180.jpg
https://s3-us-west-1.amazonaws.com/coco-ann/coco-val/COCO_val2014_000000581654.jpg
https://s3-us-west-1.amazonaws.com/coco-ann/coco-val/COCO_val2014_000000579593.jpg
https://s3-us-west-1.amazonaws.com/coco-ann/coco-val/COCO_val2014_000000579814.jpg
https://s3-us-west-1.amazonaws.com/coco-ann/coco-val/COCO_val2014_000000579158.jpg
https://s3-us-west-1.amazonaws.com/coco-ann/coco-val/COCO_val2014_000000579602.jpg
https://s3-us-west-1.amazonaws.com/coco-ann/coco-val/COCO_val2014_000000579325.jpg
https://s3-us-west-1.amazonaws.com/coco-ann/coco-val/COCO_val2014_000000580540.jpg
https://s3-us-west-1.amazonaws.com/coco-ann/coco-val/COCO_val2014_000000579277.jpg
https://s3-us-west-1.amazonaws.com/coco-ann/coco-val/COCO_val2014_000000580975.jpg
https://s3-us-west-1.amazonaws.com/coco-ann/coco-val/COCO_val2014_000000579664.jpg
https://s3-us-west-1.amazonaws.com/coco-ann/coco-val/COCO_val2014_000000581829.jpg
https://s3-us-west-1.amazonaws.com/coco-ann/coco-val/COCO_val2014_000000580953.jpg
https://s3-us-west-1.amazonaws.com/coco-ann/coco-val/COCO_val2014_000000581615.jpg
https://s3-us-west-1.amazonaws.com/coco-ann/coco-val/COCO_val2014_000000580108.jpg
https://s3-us-west-1.amazonaws.com/coco-ann/coco-val/COCO_val2014_000000580704.jpg
https://s3-us-west-1.amazonaws.com/coco-ann/coco-val/COCO_val2014_000000581157.jpg
https://s3-us-west-1.amazonaws.com/coco-ann/coco-val/COCO_val2014_000000581402.jpg
https://s3-us-west-1.amazonaws.com/coco-ann/coco-val/COCO_val2014_000000578902.jpg
https://s3-us-west-1.amazonaws.com/coco-ann/coco-val/COCO_val2014_000000579693.jpg
https://s3-us-west-1.amazonaws.com/coco-ann/coco-val/COCO_val2014_000000580613.jpg
https://s3-us-west-1.amazonaws.com/coco-ann/coco-val/COCO_val2014_000000579463.jpg
https://s3-us-west-1.amazonaws.com/coco-ann/coco-val/COCO_val2014_000000579226.jpg
https://s3-us-west-1.amazonaws.com/coco-ann/coco-val/COCO_val2014_000000579902.jpg
https://s3-us-west-1.amazonaws.com/coco-ann/coco-val/COCO_val2014_000000578848.jpg
https://s3-us-west-1.amazonaws.com/coco-ann/coco-val/COCO_val2014_000000578962.jpg
https://s3-us-west-1.amazonaws.com/coco-ann/coco-val/COCO_val2014_000000580255.jpg
https://s3-us-west-1.amazonaws.com/coco-ann/coco-val/COCO_val2014_000000579008.jpg
https://s3-us-west-1.amazonaws.com/coco-ann/coco-val/COCO_val2014_000000579134.jpg
https://s3-us-west-1.amazonaws.com/coco-ann/coco-val/COCO_val2014_000000580829.jpg
https://s3-us-west-1.amazonaws.com/coco-ann/coco-val/COCO_val2014_000000581863.jpg
https://s3-us-west-1.amazonaws.com/coco-ann/coco-val/COCO_val2014_000000580041.jpg
https://s3-us-west-1.amazonaws.com/coco-ann/coco-val/COCO_val2014_000000581401.jpg
https://s3-us-west-1.amazonaws.com/coco-ann/coco-val/COCO_val2014_000000580027.jpg
https://s3-us-west-1.amazonaws.com/coco-ann/coco-val/COCO_val2014_000000580543.jpg
https://s3-us-west-1.amazonaws.com/coco-ann/coco-val/COCO_val2014_000000579003.jpg
https://s3-us-west-1.amazonaws.com/coco-ann/coco-val/COCO_val2014_000000580870.jpg
https://s3-us-west-1.amazonaws.com/coco-ann/coco-val/COCO_val2014_000000581177.jpg
https://s3-us-west-1.amazonaws.com/coco-ann/coco-val/COCO_val2014_000000581886.jpg
https://s3-us-west-1.amazonaws.com/coco-ann/coco-val/COCO_val2014_000000581501.jpg
https://s3-us-west-1.amazonaws.com/coco-ann/coco-val/COCO_val2014_000000580388.jpg
https://s3-us-west-1.amazonaws.com/coco-ann/coco-val/COCO_val2014_000000579321.jpg
https://s3-us-west-1.amazonaws.com/coco-ann/coco-val/COCO_val2014_000000580294.jpg
https://s3-us-west-1.amazonaws.com/coco-ann/coco-val/COCO_val2014_000000579696.jpg
https://s3-us-west-1.amazonaws.com/coco-ann/coco-train/COCO_train2014_000000020291.jpg
https://s3-us-west-1.amazonaws.com/coco-ann/coco-train/COCO_train2014_000000024231.jpg
https://s3-us-west-1.amazonaws.com/coco-ann/coco-train/COCO_train2014_000000021079.jpg
https://s3-us-west-1.amazonaws.com/coco-ann/coco-train/COCO_train2014_000000021097.jpg
https://s3-us-west-1.amazonaws.com/coco-ann/coco-train/COCO_train2014_000000024674.jpg
https://s3-us-west-1.amazonaws.com/coco-ann/coco-train/COCO_train2014_000000024125.jpg
https://s3-us-west-1.amazonaws.com/coco-ann/coco-train/COCO_train2014_000000018347.jpg
https://s3-us-west-1.amazonaws.com/coco-ann/coco-train/COCO_train2014_000000021169.jpg
https://s3-us-west-1.amazonaws.com/coco-ann/coco-train/COCO_train2014_000000020362.jpg
https://s3-us-west-1.amazonaws.com/coco-ann/coco-train/COCO_train2014_000000024175.jpg
https://s3-us-west-1.amazonaws.com/coco-ann/coco-train/COCO_train2014_000000193759.jpg
https://s3-us-west-1.amazonaws.com/coco-ann/coco-train/COCO_train2014_000000193649.jpg
https://s3-us-west-1.amazonaws.com/coco-ann/coco-train/COCO_train2014_000000019927.jpg
https://s3-us-west-1.amazonaws.com/coco-ann/coco-train/COCO_train2014_000000020145.jpg
https://s3-us-west-1.amazonaws.com/coco-ann/coco-train/COCO_train2014_000000020137.jpg
https://s3-us-west-1.amazonaws.com/coco-ann/coco-train/COCO_train2014_000000018183.jpg
https://s3-us-west-1.amazonaws.com/coco-ann/coco-train/COCO_train2014_000000193712.jpg
https://s3-us-west-1.amazonaws.com/coco-ann/coco-train/COCO_train2014_000000021320.jpg
https://s3-us-west-1.amazonaws.com/coco-ann/coco-train/COCO_train2014_000000020202.jpg
https://s3-us-west-1.amazonaws.com/coco-ann/coco-train/COCO_train2014_000000019845.jpg
https://s3-us-west-1.amazonaws.com/coco-ann/coco-train/COCO_train2014_000000020528.jpg
https://s3-us-west-1.amazonaws.com/coco-ann/coco-train/COCO_train2014_000000020456.jpg
https://s3-us-west-1.amazonaws.com/coco-ann/coco-train/COCO_train2014_000000193359.jpg
https://s3-us-west-1.amazonaws.com/coco-ann/coco-train/COCO_train2014_000000193246.jpg
https://s3-us-west-1.amazonaws.com/coco-ann/coco-train/COCO_train2014_000000024637.jpg
https://s3-us-west-1.amazonaws.com/coco-ann/coco-train/COCO_train2014_000000024671.jpg
https://s3-us-west-1.amazonaws.com/coco-ann/coco-train/COCO_train2014_000000020929.jpg
https://s3-us-west-1.amazonaws.com/coco-ann/coco-train/COCO_train2014_000000024132.jpg
https://s3-us-west-1.amazonaws.com/coco-ann/coco-train/COCO_train2014_000000019980.jpg
https://s3-us-west-1.amazonaws.com/coco-ann/coco-train/COCO_train2014_000000196611.jpg
https://s3-us-west-1.amazonaws.com/coco-ann/coco-train/COCO_train2014_000000024582.jpg
https://s3-us-west-1.amazonaws.com/coco-ann/coco-train/COCO_train2014_000000024105.jpg
https://s3-us-west-1.amazonaws.com/coco-ann/coco-train/COCO_train2014_000000020698.jpg
https://s3-us-west-1.amazonaws.com/coco-ann/coco-train/COCO_train2014_000000021194.jpg
https://s3-us-west-1.amazonaws.com/coco-ann/coco-train/COCO_train2014_000000020012.jpg
https://s3-us-west-1.amazonaws.com/coco-ann/coco-train/COCO_train2014_000000018041.jpg
https://s3-us-west-1.amazonaws.com/coco-ann/coco-train/COCO_train2014_000000020644.jpg
https://s3-us-west-1.amazonaws.com/coco-ann/coco-train/COCO_train2014_000000024571.jpg
https://s3-us-west-1.amazonaws.com/coco-ann/coco-train/COCO_train2014_000000024551.jpg
https://s3-us-west-1.amazonaws.com/coco-ann/coco-train/COCO_train2014_000000024723.jpg
https://s3-us-west-1.amazonaws.com/coco-ann/coco-train/COCO_train2014_000000193213.jpg
https://s3-us-west-1.amazonaws.com/coco-ann/coco-train/COCO_train2014_000000193327.jpg
https://s3-us-west-1.amazonaws.com/coco-ann/coco-train/COCO_train2014_000000018048.jpg
https://s3-us-west-1.amazonaws.com/coco-ann/coco-train/COCO_train2014_000000193557.jpg
https://s3-us-west-1.amazonaws.com/coco-ann/coco-train/COCO_train2014_000000193074.jpg
https://s3-us-west-1.amazonaws.com/coco-ann/coco-train/COCO_train2014_000000018373.jpg
https://s3-us-west-1.amazonaws.com/coco-ann/coco-train/COCO_train2014_000000193760.jpg
https://s3-us-west-1.amazonaws.com/coco-ann/coco-train/COCO_train2014_000000020971.jpg
https://s3-us-west-1.amazonaws.com/coco-ann/coco-train/COCO_train2014_000000020245.jpg
https://s3-us-west-1.amazonaws.com/coco-ann/coco-train/COCO_train2014_000000024401.jpg
https://s3-us-west-1.amazonaws.com/coco-ann/coco-train/COCO_train2014_000000020809.jpg
https://s3-us-west-1.amazonaws.com/coco-ann/coco-train/COCO_train2014_000000193042.jpg
https://s3-us-west-1.amazonaws.com/coco-ann/coco-train/COCO_train2014_000000019926.jpg
https://s3-us-west-1.amazonaws.com/coco-ann/coco-train/COCO_train2014_000000024518.jpg
https://s3-us-west-1.amazonaws.com/coco-ann/coco-train/COCO_train2014_000000192867.jpg
https://s3-us-west-1.amazonaws.com/coco-ann/coco-train/COCO_train2014_000000018475.jpg
https://s3-us-west-1.amazonaws.com/coco-ann/coco-train/COCO_train2014_000000020421.jpg
https://s3-us-west-1.amazonaws.com/coco-ann/coco-train/COCO_train2014_000000024310.jpg
https://s3-us-west-1.amazonaws.com/coco-ann/coco-train/COCO_train2014_000000020707.jpg
https://s3-us-west-1.amazonaws.com/coco-ann/coco-train/COCO_train2014_000000192878.jpg
https://s3-us-west-1.amazonaws.com/coco-ann/coco-train/COCO_train2014_000000193148.jpg
https://s3-us-west-1.amazonaws.com/coco-ann/coco-train/COCO_train2014_000000024625.jpg
https://s3-us-west-1.amazonaws.com/coco-ann/coco-train/COCO_train2014_000000020146.jpg
https://s3-us-west-1.amazonaws.com/coco-ann/coco-train/COCO_train2014_000000192759.jpg
https://s3-us-west-1.amazonaws.com/coco-ann/coco-train/COCO_train2014_000000020794.jpg
https://s3-us-west-1.amazonaws.com/coco-ann/coco-train/COCO_train2014_000000020417.jpg
https://s3-us-west-1.amazonaws.com/coco-ann/coco-train/COCO_train2014_000000018270.jpg
https://s3-us-west-1.amazonaws.com/coco-ann/coco-train/COCO_train2014_000000018501.jpg
https://s3-us-west-1.amazonaws.com/coco-ann/coco-train/COCO_train2014_000000020376.jpg
https://s3-us-west-1.amazonaws.com/coco-ann/coco-train/COCO_train2014_000000020030.jpg
https://s3-us-west-1.amazonaws.com/coco-ann/coco-train/COCO_train2014_000000019994.jpg
https://s3-us-west-1.amazonaws.com/coco-ann/coco-train/COCO_train2014_000000018542.jpg
https://s3-us-west-1.amazonaws.com/coco-ann/coco-train/COCO_train2014_000000021181.jpg
https://s3-us-west-1.amazonaws.com/coco-ann/coco-train/COCO_train2014_000000018559.jpg
https://s3-us-west-1.amazonaws.com/coco-ann/coco-train/COCO_train2014_000000020389.jpg
https://s3-us-west-1.amazonaws.com/coco-ann/coco-train/COCO_train2014_000000018020.jpg
https://s3-us-west-1.amazonaws.com/coco-ann/coco-train/COCO_train2014_000000024352.jpg
https://s3-us-west-1.amazonaws.com/coco-ann/coco-train/COCO_train2014_000000019905.jpg
https://s3-us-west-1.amazonaws.com/coco-ann/coco-train/COCO_train2014_000000020651.jpg
https://s3-us-west-1.amazonaws.com/coco-ann/coco-train/COCO_train2014_000000024547.jpg
https://s3-us-west-1.amazonaws.com/coco-ann/coco-train/COCO_train2014_000000021197.jpg
https://s3-us-west-1.amazonaws.com/coco-ann/coco-train/COCO_train2014_000000193682.jpg
https://s3-us-west-1.amazonaws.com/coco-ann/coco-train/COCO_train2014_000000019838.jpg
https://s3-us-west-1.amazonaws.com/coco-ann/coco-train/COCO_train2014_000000024672.jpg
https://s3-us-west-1.amazonaws.com/coco-ann/coco-train/COCO_train2014_000000193383.jpg
https://s3-us-west-1.amazonaws.com/coco-ann/coco-train/COCO_train2014_000000019756.jpg
https://s3-us-west-1.amazonaws.com/coco-ann/coco-train/COCO_train2014_000000019959.jpg
https://s3-us-west-1.amazonaws.com/coco-ann/coco-train/COCO_train2014_000000024689.jpg
https://s3-us-west-1.amazonaws.com/coco-ann/coco-train/COCO_train2014_000000024554.jpg
https://s3-us-west-1.amazonaws.com/coco-ann/coco-train/COCO_train2014_000000019794.jpg
https://s3-us-west-1.amazonaws.com/coco-ann/coco-train/COCO_train2014_000000193340.jpg
https://s3-us-west-1.amazonaws.com/coco-ann/coco-train/COCO_train2014_000000024813.jpg
https://s3-us-west-1.amazonaws.com/coco-ann/coco-train/COCO_train2014_000000021280.jpg
https://s3-us-west-1.amazonaws.com/coco-ann/coco-train/COCO_train2014_000000024552.jpg
https://s3-us-west-1.amazonaws.com/coco-ann/coco-train/COCO_train2014_000000024239.jpg
https://s3-us-west-1.amazonaws.com/coco-ann/coco-train/COCO_train2014_000000020475.jpg
https://s3-us-west-1.amazonaws.com/coco-ann/coco-train/COCO_train2014_000000024454.jpg
https://s3-us-west-1.amazonaws.com/coco-ann/coco-train/COCO_train2014_000000024457.jpg
https://s3-us-west-1.amazonaws.com/coco-ann/coco-train/COCO_train2014_000000193677.jpg
https://s3-us-west-1.amazonaws.com/coco-ann/coco-train/COCO_train2014_000000018157.jpg
https://s3-us-west-1.amazonaws.com/coco-ann/coco-train/COCO_train2014_000000193824.jpg
https://s3-us-west-1.amazonaws.com/coco-ann/coco-train/COCO_train2014_000000193373.jpg
https://s3-us-west-1.amazonaws.com/coco-ann/coco-train/COCO_train2014_000000018211.jpg
https://s3-us-west-1.amazonaws.com/coco-ann/coco-train/COCO_train2014_000000021049.jpg
https://s3-us-west-1.amazonaws.com/coco-ann/coco-train/COCO_train2014_000000193333.jpg
https://s3-us-west-1.amazonaws.com/coco-ann/coco-train/COCO_train2014_000000018401.jpg
https://s3-us-west-1.amazonaws.com/coco-ann/coco-train/COCO_train2014_000000020601.jpg
https://s3-us-west-1.amazonaws.com/coco-ann/coco-train/COCO_train2014_000000021075.jpg
https://s3-us-west-1.amazonaws.com/coco-ann/coco-train/COCO_train2014_000000024086.jpg
https://s3-us-west-1.amazonaws.com/coco-ann/coco-train/COCO_train2014_000000024305.jpg
https://s3-us-west-1.amazonaws.com/coco-ann/coco-train/COCO_train2014_000000020561.jpg
https://s3-us-west-1.amazonaws.com/coco-ann/coco-train/COCO_train2014_000000024159.jpg
https://s3-us-west-1.amazonaws.com/coco-ann/coco-train/COCO_train2014_000000193444.jpg
https://s3-us-west-1.amazonaws.com/coco-ann/coco-train/COCO_train2014_000000019955.jpg
https://s3-us-west-1.amazonaws.com/coco-ann/coco-train/COCO_train2014_000000024150.jpg
https://s3-us-west-1.amazonaws.com/coco-ann/coco-train/COCO_train2014_000000017985.jpg
https://s3-us-west-1.amazonaws.com/coco-ann/coco-train/COCO_train2014_000000018045.jpg
https://s3-us-west-1.amazonaws.com/coco-ann/coco-train/COCO_train2014_000000018000.jpg
https://s3-us-west-1.amazonaws.com/coco-ann/coco-train/COCO_train2014_000000018089.jpg
https://s3-us-west-1.amazonaws.com/coco-ann/coco-train/COCO_train2014_000000193347.jpg
https://s3-us-west-1.amazonaws.com/coco-ann/coco-train/COCO_train2014_000000020150.jpg
https://s3-us-west-1.amazonaws.com/coco-ann/coco-train/COCO_train2014_000000020168.jpg
https://s3-us-west-1.amazonaws.com/coco-ann/coco-train/COCO_train2014_000000192812.jpg
https://s3-us-west-1.amazonaws.com/coco-ann/coco-train/COCO_train2014_000000020513.jpg
https://s3-us-west-1.amazonaws.com/coco-ann/coco-train/COCO_train2014_000000024915.jpg
https://s3-us-west-1.amazonaws.com/coco-ann/coco-train/COCO_train2014_000000018244.jpg
https://s3-us-west-1.amazonaws.com/coco-ann/coco-train/COCO_train2014_000000018276.jpg
https://s3-us-west-1.amazonaws.com/coco-ann/coco-train/COCO_train2014_000000018457.jpg
https://s3-us-west-1.amazonaws.com/coco-ann/coco-train/COCO_train2014_000000024702.jpg
https://s3-us-west-1.amazonaws.com/coco-ann/coco-train/COCO_train2014_000000024375.jpg
https://s3-us-west-1.amazonaws.com/coco-ann/coco-train/COCO_train2014_000000024100.jpg
https://s3-us-west-1.amazonaws.com/coco-ann/coco-train/COCO_train2014_000000020702.jpg
https://s3-us-west-1.amazonaws.com/coco-ann/coco-train/COCO_train2014_000000193110.jpg
https://s3-us-west-1.amazonaws.com/coco-ann/coco-train/COCO_train2014_000000020044.jpg
https://s3-us-west-1.amazonaws.com/coco-ann/coco-train/COCO_train2014_000000018217.jpg
https://s3-us-west-1.amazonaws.com/coco-ann/coco-train/COCO_train2014_000000019918.jpg
https://s3-us-west-1.amazonaws.com/coco-ann/coco-train/COCO_train2014_000000020436.jpg
https://s3-us-west-1.amazonaws.com/coco-ann/coco-train/COCO_train2014_000000192768.jpg
https://s3-us-west-1.amazonaws.com/coco-ann/coco-train/COCO_train2014_000000018464.jpg
https://s3-us-west-1.amazonaws.com/coco-ann/coco-train/COCO_train2014_000000021268.jpg
https://s3-us-west-1.amazonaws.com/coco-ann/coco-train/COCO_train2014_000000018377.jpg
https://s3-us-west-1.amazonaws.com/coco-ann/coco-train/COCO_train2014_000000018265.jpg
https://s3-us-west-1.amazonaws.com/coco-ann/coco-train/COCO_train2014_000000018495.jpg
https://s3-us-west-1.amazonaws.com/coco-ann/coco-train/COCO_train2014_000000020188.jpg
https://s3-us-west-1.amazonaws.com/coco-ann/coco-train/COCO_train2014_000000018194.jpg
https://s3-us-west-1.amazonaws.com/coco-ann/coco-train/COCO_train2014_000000020917.jpg
https://s3-us-west-1.amazonaws.com/coco-ann/coco-train/COCO_train2014_000000024730.jpg
https://s3-us-west-1.amazonaws.com/coco-ann/coco-train/COCO_train2014_000000024877.jpg
https://s3-us-west-1.amazonaws.com/coco-ann/coco-train/COCO_train2014_000000024107.jpg
https://s3-us-west-1.amazonaws.com/coco-ann/coco-train/COCO_train2014_000000021235.jpg
https://s3-us-west-1.amazonaws.com/coco-ann/coco-train/COCO_train2014_000000018312.jpg
https://s3-us-west-1.amazonaws.com/coco-ann/coco-train/COCO_train2014_000000018090.jpg
https://s3-us-west-1.amazonaws.com/coco-ann/coco-train/COCO_train2014_000000020711.jpg
https://s3-us-west-1.amazonaws.com/coco-ann/coco-train/COCO_train2014_000000020444.jpg
https://s3-us-west-1.amazonaws.com/coco-ann/coco-train/COCO_train2014_000000021095.jpg
https://s3-us-west-1.amazonaws.com/coco-ann/coco-train/COCO_train2014_000000020184.jpg
https://s3-us-west-1.amazonaws.com/coco-ann/coco-train/COCO_train2014_000000197264.jpg
https://s3-us-west-1.amazonaws.com/coco-ann/coco-train/COCO_train2014_000000193168.jpg
https://s3-us-west-1.amazonaws.com/coco-ann/coco-train/COCO_train2014_000000020611.jpg
https://s3-us-west-1.amazonaws.com/coco-ann/coco-train/COCO_train2014_000000021292.jpg
https://s3-us-west-1.amazonaws.com/coco-ann/coco-train/COCO_train2014_000000024882.jpg
https://s3-us-west-1.amazonaws.com/coco-ann/coco-train/COCO_train2014_000000018011.jpg
https://s3-us-west-1.amazonaws.com/coco-ann/coco-train/COCO_train2014_000000020692.jpg
https://s3-us-west-1.amazonaws.com/coco-ann/coco-train/COCO_train2014_000000024591.jpg
https://s3-us-west-1.amazonaws.com/coco-ann/coco-train/COCO_train2014_000000019836.jpg
https://s3-us-west-1.amazonaws.com/coco-ann/coco-train/COCO_train2014_000000020311.jpg
https://s3-us-west-1.amazonaws.com/coco-ann/coco-train/COCO_train2014_000000018127.jpg
https://s3-us-west-1.amazonaws.com/coco-ann/coco-train/COCO_train2014_000000193495.jpg
https://s3-us-west-1.amazonaws.com/coco-ann/coco-train/COCO_train2014_000000020857.jpg
https://s3-us-west-1.amazonaws.com/coco-ann/coco-train/COCO_train2014_000000024828.jpg
https://s3-us-west-1.amazonaws.com/coco-ann/coco-train/COCO_train2014_000000021204.jpg
https://s3-us-west-1.amazonaws.com/coco-ann/coco-train/COCO_train2014_000000020599.jpg
https://s3-us-west-1.amazonaws.com/coco-ann/coco-train/COCO_train2014_000000020765.jpg
https://s3-us-west-1.amazonaws.com/coco-ann/coco-train/COCO_train2014_000000018375.jpg
https://s3-us-west-1.amazonaws.com/coco-ann/coco-train/COCO_train2014_000000193634.jpg
https://s3-us-west-1.amazonaws.com/coco-ann/coco-train/COCO_train2014_000000020414.jpg
https://s3-us-west-1.amazonaws.com/coco-ann/coco-train/COCO_train2014_000000020133.jpg
https://s3-us-west-1.amazonaws.com/coco-ann/coco-train/COCO_train2014_000000024296.jpg
https://s3-us-west-1.amazonaws.com/coco-ann/coco-train/COCO_train2014_000000024516.jpg
https://s3-us-west-1.amazonaws.com/coco-ann/coco-train/COCO_train2014_000000018290.jpg
https://s3-us-west-1.amazonaws.com/coco-ann/coco-train/COCO_train2014_000000021260.jpg
https://s3-us-west-1.amazonaws.com/coco-ann/coco-train/COCO_train2014_000000018557.jpg
https://s3-us-west-1.amazonaws.com/coco-ann/coco-train/COCO_train2014_000000024714.jpg
https://s3-us-west-1.amazonaws.com/coco-ann/coco-train/COCO_train2014_000000020768.jpg
https://s3-us-west-1.amazonaws.com/coco-ann/coco-train/COCO_train2014_000000020853.jpg
https://s3-us-west-1.amazonaws.com/coco-ann/coco-train/COCO_train2014_000000018367.jpg
https://s3-us-west-1.amazonaws.com/coco-ann/coco-train/COCO_train2014_000000024404.jpg
https://s3-us-west-1.amazonaws.com/coco-ann/coco-train/COCO_train2014_000000024264.jpg
https://s3-us-west-1.amazonaws.com/coco-ann/coco-train/COCO_train2014_000000020052.jpg
https://s3-us-west-1.amazonaws.com/coco-ann/coco-train/COCO_train2014_000000193560.jpg
https://s3-us-west-1.amazonaws.com/coco-ann/coco-train/COCO_train2014_000000018647.jpg
https://s3-us-west-1.amazonaws.com/coco-ann/coco-train/COCO_train2014_000000020193.jpg
https://s3-us-west-1.amazonaws.com/coco-ann/coco-train/COCO_train2014_000000020701.jpg
https://s3-us-west-1.amazonaws.com/coco-ann/coco-train/COCO_train2014_000000020164.jpg
https://s3-us-west-1.amazonaws.com/coco-ann/coco-train/COCO_train2014_000000018424.jpg
https://s3-us-west-1.amazonaws.com/coco-ann/coco-train/COCO_train2014_000000193787.jpg
https://s3-us-west-1.amazonaws.com/coco-ann/coco-train/COCO_train2014_000000018201.jpg
https://s3-us-west-1.amazonaws.com/coco-ann/coco-train/COCO_train2014_000000018473.jpg
https://s3-us-west-1.amazonaws.com/coco-ann/coco-train/COCO_train2014_000000193454.jpg
https://s3-us-west-1.amazonaws.com/coco-ann/coco-train/COCO_train2014_000000018656.jpg
https://s3-us-west-1.amazonaws.com/coco-ann/coco-train/COCO_train2014_000000193281.jpg
https://s3-us-west-1.amazonaws.com/coco-ann/coco-train/COCO_train2014_000000024762.jpg
https://s3-us-west-1.amazonaws.com/coco-ann/coco-train/COCO_train2014_000000193435.jpg
https://s3-us-west-1.amazonaws.com/coco-ann/coco-train/COCO_train2014_000000020221.jpg
https://s3-us-west-1.amazonaws.com/coco-ann/coco-train/COCO_train2014_000000020136.jpg
https://s3-us-west-1.amazonaws.com/coco-ann/coco-train/COCO_train2014_000000193299.jpg
https://s3-us-west-1.amazonaws.com/coco-ann/coco-train/COCO_train2014_000000024351.jpg
https://s3-us-west-1.amazonaws.com/coco-ann/coco-train/COCO_train2014_000000018385.jpg
https://s3-us-west-1.amazonaws.com/coco-ann/coco-train/COCO_train2014_000000020251.jpg
https://s3-us-west-1.amazonaws.com/coco-ann/coco-train/COCO_train2014_000000017975.jpg
https://s3-us-west-1.amazonaws.com/coco-ann/coco-train/COCO_train2014_000000018075.jpg
https://s3-us-west-1.amazonaws.com/coco-ann/coco-train/COCO_train2014_000000018535.jpg
https://s3-us-west-1.amazonaws.com/coco-ann/coco-train/COCO_train2014_000000020770.jpg
https://s3-us-west-1.amazonaws.com/coco-ann/coco-train/COCO_train2014_000000024808.jpg
https://s3-us-west-1.amazonaws.com/coco-ann/coco-train/COCO_train2014_000000024894.jpg
https://s3-us-west-1.amazonaws.com/coco-ann/coco-train/COCO_train2014_000000192866.jpg
https://s3-us-west-1.amazonaws.com/coco-ann/coco-train/COCO_train2014_000000021048.jpg
https://s3-us-west-1.amazonaws.com/coco-ann/coco-train/COCO_train2014_000000018530.jpg
https://s3-us-west-1.amazonaws.com/coco-ann/coco-train/COCO_train2014_000000196035.jpg
https://s3-us-west-1.amazonaws.com/coco-ann/coco-train/COCO_train2014_000000024393.jpg
https://s3-us-west-1.amazonaws.com/coco-ann/coco-train/COCO_train2014_000000019949.jpg
https://s3-us-west-1.amazonaws.com/coco-ann/coco-train/COCO_train2014_000000021051.jpg
https://s3-us-west-1.amazonaws.com/coco-ann/coco-train/COCO_train2014_000000020983.jpg
https://s3-us-west-1.amazonaws.com/coco-ann/coco-train/COCO_train2014_000000024737.jpg
https://s3-us-west-1.amazonaws.com/coco-ann/coco-train/COCO_train2014_000000019769.jpg
https://s3-us-west-1.amazonaws.com/coco-ann/coco-train/COCO_train2014_000000020104.jpg
https://s3-us-west-1.amazonaws.com/coco-ann/coco-train/COCO_train2014_000000020253.jpg
https://s3-us-west-1.amazonaws.com/coco-ann/coco-train/COCO_train2014_000000020156.jpg
https://s3-us-west-1.amazonaws.com/coco-ann/coco-train/COCO_train2014_000000193451.jpg
https://s3-us-west-1.amazonaws.com/coco-ann/coco-train/COCO_train2014_000000024563.jpg
https://s3-us-west-1.amazonaws.com/coco-ann/coco-train/COCO_train2014_000000024372.jpg
https://s3-us-west-1.amazonaws.com/coco-ann/coco-train/COCO_train2014_000000019781.jpg
https://s3-us-west-1.amazonaws.com/coco-ann/coco-train/COCO_train2014_000000020367.jpg
https://s3-us-west-1.amazonaws.com/coco-ann/coco-train/COCO_train2014_000000024414.jpg
https://s3-us-west-1.amazonaws.com/coco-ann/coco-train/COCO_train2014_000000021313.jpg
https://s3-us-west-1.amazonaws.com/coco-ann/coco-train/COCO_train2014_000000018072.jpg
https://s3-us-west-1.amazonaws.com/coco-ann/coco-train/COCO_train2014_000000020281.jpg
https://s3-us-west-1.amazonaws.com/coco-ann/coco-train/COCO_train2014_000000020279.jpg
https://s3-us-west-1.amazonaws.com/coco-ann/coco-train/COCO_train2014_000000018554.jpg
https://s3-us-west-1.amazonaws.com/coco-ann/coco-train/COCO_train2014_000000192843.jpg
https://s3-us-west-1.amazonaws.com/coco-ann/coco-train/COCO_train2014_000000020757.jpg
https://s3-us-west-1.amazonaws.com/coco-ann/coco-train/COCO_train2014_000000018309.jpg
https://s3-us-west-1.amazonaws.com/coco-ann/coco-train/COCO_train2014_000000193222.jpg
https://s3-us-west-1.amazonaws.com/coco-ann/coco-train/COCO_train2014_000000024266.jpg
https://s3-us-west-1.amazonaws.com/coco-ann/coco-train/COCO_train2014_000000193049.jpg
https://s3-us-west-1.amazonaws.com/coco-ann/coco-train/COCO_train2014_000000021316.jpg
https://s3-us-west-1.amazonaws.com/coco-ann/coco-train/COCO_train2014_000000020039.jpg
https://s3-us-west-1.amazonaws.com/coco-ann/coco-train/COCO_train2014_000000020420.jpg
https://s3-us-west-1.amazonaws.com/coco-ann/coco-train/COCO_train2014_000000018155.jpg
https://s3-us-west-1.amazonaws.com/coco-ann/coco-train/COCO_train2014_000000024859.jpg
https://s3-us-west-1.amazonaws.com/coco-ann/coco-train/COCO_train2014_000000021206.jpg
https://s3-us-west-1.amazonaws.com/coco-ann/coco-train/COCO_train2014_000000024299.jpg
https://s3-us-west-1.amazonaws.com/coco-ann/coco-train/COCO_train2014_000000193456.jpg
https://s3-us-west-1.amazonaws.com/coco-ann/coco-train/COCO_train2014_000000024169.jpg
https://s3-us-west-1.amazonaws.com/coco-ann/coco-train/COCO_train2014_000000024788.jpg
https://s3-us-west-1.amazonaws.com/coco-ann/coco-train/COCO_train2014_000000193254.jpg
https://s3-us-west-1.amazonaws.com/coco-ann/coco-train/COCO_train2014_000000020966.jpg
https://s3-us-west-1.amazonaws.com/coco-ann/coco-train/COCO_train2014_000000024515.jpg
https://s3-us-west-1.amazonaws.com/coco-ann/coco-train/COCO_train2014_000000192799.jpg
https://s3-us-west-1.amazonaws.com/coco-ann/coco-train/COCO_train2014_000000193819.jpg
https://s3-us-west-1.amazonaws.com/coco-ann/coco-train/COCO_train2014_000000019793.jpg
https://s3-us-west-1.amazonaws.com/coco-ann/coco-train/COCO_train2014_000000019874.jpg
https://s3-us-west-1.amazonaws.com/coco-ann/coco-train/COCO_train2014_000000020172.jpg
https://s3-us-west-1.amazonaws.com/coco-ann/coco-train/COCO_train2014_000000021343.jpg
https://s3-us-west-1.amazonaws.com/coco-ann/coco-train/COCO_train2014_000000020489.jpg
https://s3-us-west-1.amazonaws.com/coco-ann/coco-train/COCO_train2014_000000192831.jpg
https://s3-us-west-1.amazonaws.com/coco-ann/coco-train/COCO_train2014_000000018029.jpg
https://s3-us-west-1.amazonaws.com/coco-ann/coco-train/COCO_train2014_000000021269.jpg
https://s3-us-west-1.amazonaws.com/coco-ann/coco-train/COCO_train2014_000000019863.jpg
https://s3-us-west-1.amazonaws.com/coco-ann/coco-train/COCO_train2014_000000193732.jpg
https://s3-us-west-1.amazonaws.com/coco-ann/coco-train/COCO_train2014_000000018482.jpg
https://s3-us-west-1.amazonaws.com/coco-ann/coco-train/COCO_train2014_000000024792.jpg
https://s3-us-west-1.amazonaws.com/coco-ann/coco-train/COCO_train2014_000000024899.jpg
https://s3-us-west-1.amazonaws.com/coco-ann/coco-train/COCO_train2014_000000018507.jpg
https://s3-us-west-1.amazonaws.com/coco-ann/coco-train/COCO_train2014_000000021083.jpg
https://s3-us-west-1.amazonaws.com/coco-ann/coco-train/COCO_train2014_000000020575.jpg
https://s3-us-west-1.amazonaws.com/coco-ann/coco-train/COCO_train2014_000000020490.jpg
https://s3-us-west-1.amazonaws.com/coco-ann/coco-train/COCO_train2014_000000021166.jpg
https://s3-us-west-1.amazonaws.com/coco-ann/coco-train/COCO_train2014_000000020446.jpg
https://s3-us-west-1.amazonaws.com/coco-ann/coco-train/COCO_train2014_000000193617.jpg
https://s3-us-west-1.amazonaws.com/coco-ann/coco-train/COCO_train2014_000000020255.jpg
https://s3-us-west-1.amazonaws.com/coco-ann/coco-train/COCO_train2014_000000018214.jpg
https://s3-us-west-1.amazonaws.com/coco-ann/coco-train/COCO_train2014_000000021345.jpg
https://s3-us-west-1.amazonaws.com/coco-ann/coco-train/COCO_train2014_000000019899.jpg
https://s3-us-west-1.amazonaws.com/coco-ann/coco-train/COCO_train2014_000000024847.jpg
https://s3-us-west-1.amazonaws.com/coco-ann/coco-train/COCO_train2014_000000192793.jpg
https://s3-us-west-1.amazonaws.com/coco-ann/coco-train/COCO_train2014_000000193690.jpg
https://s3-us-west-1.amazonaws.com/coco-ann/coco-train/COCO_train2014_000000193105.jpg
https://s3-us-west-1.amazonaws.com/coco-ann/coco-train/COCO_train2014_000000021003.jpg
https://s3-us-west-1.amazonaws.com/coco-ann/coco-train/COCO_train2014_000000193243.jpg
https://s3-us-west-1.amazonaws.com/coco-ann/coco-train/COCO_train2014_000000020588.jpg
https://s3-us-west-1.amazonaws.com/coco-ann/coco-train/COCO_train2014_000000024600.jpg
https://s3-us-west-1.amazonaws.com/coco-ann/coco-train/COCO_train2014_000000018006.jpg
https://s3-us-west-1.amazonaws.com/coco-ann/coco-train/COCO_train2014_000000021222.jpg
https://s3-us-west-1.amazonaws.com/coco-ann/coco-train/COCO_train2014_000000018450.jpg
https://s3-us-west-1.amazonaws.com/coco-ann/coco-train/COCO_train2014_000000020825.jpg
https://s3-us-west-1.amazonaws.com/coco-ann/coco-train/COCO_train2014_000000024779.jpg
https://s3-us-west-1.amazonaws.com/coco-ann/coco-train/COCO_train2014_000000193692.jpg
https://s3-us-west-1.amazonaws.com/coco-ann/coco-train/COCO_train2014_000000024782.jpg
https://s3-us-west-1.amazonaws.com/coco-ann/coco-train/COCO_train2014_000000020549.jpg
https://s3-us-west-1.amazonaws.com/coco-ann/coco-train/COCO_train2014_000000193023.jpg
https://s3-us-west-1.amazonaws.com/coco-ann/coco-train/COCO_train2014_000000020398.jpg
https://s3-us-west-1.amazonaws.com/coco-ann/coco-train/COCO_train2014_000000024189.jpg
https://s3-us-west-1.amazonaws.com/coco-ann/coco-train/COCO_train2014_000000193046.jpg
https://s3-us-west-1.amazonaws.com/coco-ann/coco-train/COCO_train2014_000000020527.jpg
https://s3-us-west-1.amazonaws.com/coco-ann/coco-train/COCO_train2014_000000017997.jpg
https://s3-us-west-1.amazonaws.com/coco-ann/coco-train/COCO_train2014_000000018439.jpg
https://s3-us-west-1.amazonaws.com/coco-ann/coco-train/COCO_train2014_000000021061.jpg
https://s3-us-west-1.amazonaws.com/coco-ann/coco-train/COCO_train2014_000000018496.jpg
https://s3-us-west-1.amazonaws.com/coco-ann/coco-train/COCO_train2014_000000193785.jpg
https://s3-us-west-1.amazonaws.com/coco-ann/coco-train/COCO_train2014_000000018584.jpg
https://s3-us-west-1.amazonaws.com/coco-ann/coco-train/COCO_train2014_000000020106.jpg
https://s3-us-west-1.amazonaws.com/coco-ann/coco-train/COCO_train2014_000000021070.jpg
https://s3-us-west-1.amazonaws.com/coco-ann/coco-train/COCO_train2014_000000018555.jpg
https://s3-us-west-1.amazonaws.com/coco-ann/coco-train/COCO_train2014_000000019901.jpg
https://s3-us-west-1.amazonaws.com/coco-ann/coco-train/COCO_train2014_000000018466.jpg
https://s3-us-west-1.amazonaws.com/coco-ann/coco-train/COCO_train2014_000000018425.jpg
https://s3-us-west-1.amazonaws.com/coco-ann/coco-train/COCO_train2014_000000024287.jpg
https://s3-us-west-1.amazonaws.com/coco-ann/coco-train/COCO_train2014_000000192804.jpg
https://s3-us-west-1.amazonaws.com/coco-ann/coco-train/COCO_train2014_000000018601.jpg
https://s3-us-west-1.amazonaws.com/coco-ann/coco-train/COCO_train2014_000000192816.jpg
https://s3-us-west-1.amazonaws.com/coco-ann/coco-train/COCO_train2014_000000020315.jpg
https://s3-us-west-1.amazonaws.com/coco-ann/coco-train/COCO_train2014_000000020013.jpg
https://s3-us-west-1.amazonaws.com/coco-ann/coco-train/COCO_train2014_000000193629.jpg
https://s3-us-west-1.amazonaws.com/coco-ann/coco-train/COCO_train2014_000000020747.jpg
https://s3-us-west-1.amazonaws.com/coco-ann/coco-train/COCO_train2014_000000021084.jpg
https://s3-us-west-1.amazonaws.com/coco-ann/coco-train/COCO_train2014_000000192827.jpg
https://s3-us-west-1.amazonaws.com/coco-ann/coco-train/COCO_train2014_000000018513.jpg
https://s3-us-west-1.amazonaws.com/coco-ann/coco-train/COCO_train2014_000000193829.jpg
https://s3-us-west-1.amazonaws.com/coco-ann/coco-train/COCO_train2014_000000018389.jpg
https://s3-us-west-1.amazonaws.com/coco-ann/coco-train/COCO_train2014_000000024095.jpg
https://s3-us-west-1.amazonaws.com/coco-ann/coco-train/COCO_train2014_000000020742.jpg
https://s3-us-west-1.amazonaws.com/coco-ann/coco-train/COCO_train2014_000000193469.jpg
https://s3-us-west-1.amazonaws.com/coco-ann/coco-train/COCO_train2014_000000193390.jpg
https://s3-us-west-1.amazonaws.com/coco-ann/coco-train/COCO_train2014_000000024436.jpg
https://s3-us-west-1.amazonaws.com/coco-ann/coco-train/COCO_train2014_000000024154.jpg
https://s3-us-west-1.amazonaws.com/coco-ann/coco-train/COCO_train2014_000000192885.jpg
https://s3-us-west-1.amazonaws.com/coco-ann/coco-train/COCO_train2014_000000018252.jpg
https://s3-us-west-1.amazonaws.com/coco-ann/coco-train/COCO_train2014_000000018633.jpg
https://s3-us-west-1.amazonaws.com/coco-ann/coco-train/COCO_train2014_000000018293.jpg
https://s3-us-west-1.amazonaws.com/coco-ann/coco-train/COCO_train2014_000000020860.jpg
https://s3-us-west-1.amazonaws.com/coco-ann/coco-train/COCO_train2014_000000192862.jpg
https://s3-us-west-1.amazonaws.com/coco-ann/coco-train/COCO_train2014_000000024428.jpg
https://s3-us-west-1.amazonaws.com/coco-ann/coco-train/COCO_train2014_000000020677.jpg
https://s3-us-west-1.amazonaws.com/coco-ann/coco-train/COCO_train2014_000000018292.jpg
https://s3-us-west-1.amazonaws.com/coco-ann/coco-train/COCO_train2014_000000024221.jpg
https://s3-us-west-1.amazonaws.com/coco-ann/coco-train/COCO_train2014_000000020384.jpg
https://s3-us-west-1.amazonaws.com/coco-ann/coco-train/COCO_train2014_000000019938.jpg
https://s3-us-west-1.amazonaws.com/coco-ann/coco-train/COCO_train2014_000000020450.jpg
https://s3-us-west-1.amazonaws.com/coco-ann/coco-train/COCO_train2014_000000020619.jpg
https://s3-us-west-1.amazonaws.com/coco-ann/coco-train/COCO_train2014_000000019906.jpg
https://s3-us-west-1.amazonaws.com/coco-ann/coco-train/COCO_train2014_000000020031.jpg
https://s3-us-west-1.amazonaws.com/coco-ann/coco-train/COCO_train2014_000000024450.jpg
https://s3-us-west-1.amazonaws.com/coco-ann/coco-train/COCO_train2014_000000024215.jpg
https://s3-us-west-1.amazonaws.com/coco-ann/coco-train/COCO_train2014_000000024608.jpg
https://s3-us-west-1.amazonaws.com/coco-ann/coco-train/COCO_train2014_000000018370.jpg
https://s3-us-west-1.amazonaws.com/coco-ann/coco-train/COCO_train2014_000000020613.jpg
https://s3-us-west-1.amazonaws.com/coco-ann/coco-train/COCO_train2014_000000193166.jpg
https://s3-us-west-1.amazonaws.com/coco-ann/coco-train/COCO_train2014_000000024294.jpg
https://s3-us-west-1.amazonaws.com/coco-ann/coco-train/COCO_train2014_000000024136.jpg
https://s3-us-west-1.amazonaws.com/coco-ann/coco-train/COCO_train2014_000000024259.jpg
https://s3-us-west-1.amazonaws.com/coco-ann/coco-train/COCO_train2014_000000024489.jpg
https://s3-us-west-1.amazonaws.com/coco-ann/coco-train/COCO_train2014_000000024091.jpg
https://s3-us-west-1.amazonaws.com/coco-ann/coco-train/COCO_train2014_000000020962.jpg
https://s3-us-west-1.amazonaws.com/coco-ann/coco-train/COCO_train2014_000000019818.jpg
https://s3-us-west-1.amazonaws.com/coco-ann/coco-train/COCO_train2014_000000018396.jpg
https://s3-us-west-1.amazonaws.com/coco-ann/coco-train/COCO_train2014_000000020903.jpg
https://s3-us-west-1.amazonaws.com/coco-ann/coco-train/COCO_train2014_000000193878.jpg
https://s3-us-west-1.amazonaws.com/coco-ann/coco-train/COCO_train2014_000000193476.jpg
https://s3-us-west-1.amazonaws.com/coco-ann/coco-train/COCO_train2014_000000020583.jpg
https://s3-us-west-1.amazonaws.com/coco-ann/coco-train/COCO_train2014_000000020652.jpg
https://s3-us-west-1.amazonaws.com/coco-ann/coco-train/COCO_train2014_000000193621.jpg
https://s3-us-west-1.amazonaws.com/coco-ann/coco-train/COCO_train2014_000000193047.jpg
https://s3-us-west-1.amazonaws.com/coco-ann/coco-train/COCO_train2014_000000024849.jpg
https://s3-us-west-1.amazonaws.com/coco-ann/coco-train/COCO_train2014_000000024507.jpg
https://s3-us-west-1.amazonaws.com/coco-ann/coco-train/COCO_train2014_000000021152.jpg
https://s3-us-west-1.amazonaws.com/coco-ann/coco-train/COCO_train2014_000000018564.jpg
https://s3-us-west-1.amazonaws.com/coco-ann/coco-train/COCO_train2014_000000195927.jpg
https://s3-us-west-1.amazonaws.com/coco-ann/coco-train/COCO_train2014_000000020509.jpg
https://s3-us-west-1.amazonaws.com/coco-ann/coco-train/COCO_train2014_000000024861.jpg
https://s3-us-west-1.amazonaws.com/coco-ann/coco-train/COCO_train2014_000000018523.jpg
https://s3-us-west-1.amazonaws.com/coco-ann/coco-train/COCO_train2014_000000021020.jpg
https://s3-us-west-1.amazonaws.com/coco-ann/coco-train/COCO_train2014_000000021285.jpg
https://s3-us-west-1.amazonaws.com/coco-ann/coco-train/COCO_train2014_000000018316.jpg
https://s3-us-west-1.amazonaws.com/coco-ann/coco-train/COCO_train2014_000000024520.jpg
https://s3-us-west-1.amazonaws.com/coco-ann/coco-train/COCO_train2014_000000024794.jpg
https://s3-us-west-1.amazonaws.com/coco-ann/coco-train/COCO_train2014_000000192808.jpg
https://s3-us-west-1.amazonaws.com/coco-ann/coco-train/COCO_train2014_000000024081.jpg
https://s3-us-west-1.amazonaws.com/coco-ann/coco-train/COCO_train2014_000000193384.jpg
https://s3-us-west-1.amazonaws.com/coco-ann/coco-train/COCO_train2014_000000192835.jpg
https://s3-us-west-1.amazonaws.com/coco-ann/coco-train/COCO_train2014_000000018171.jpg
